TOPOLOGICAL FRONTIER (trefoil u0, unforced f=0, single-thread)
  n=128 nu=0.0001 dt=0.002 steps=3000 t_end=6.0000 sigma=0.24 a=0.8
  HONESTY: numerical evidence only; no blowup claim; no Lean output.
  u0 built in 986.601s  max|u|=3.464626e+00
    arc_length                 23.060999588371757
    min_strand_distance        0.9714678598643037
    tube_ok                    True
    energy_after_scale         0.7499999999999999
    scale_factor               26.45054858503486
    div_max_abs                6.572520305780927e-14
    curl_vs_projected_rel_err  4.752255999686595e-15
  saved u0_trefoil_n128.npy (50331776 bytes)
  t=0 diagnostics:
    div_max_abs                  6.572520305780927e-14
    S_symmetry_dev_max           0.0
    lambda_max_of_S              {'max': 4.114759249275016, 'min': 0.002667462410090063, 'frac_points_positive': 1.0}
    omegaT_S_omega               {'max': 232.32642808024073, 'min': -232.3264280802411, 'frac_points_positive': 0.4999709129333496}
    vorticity_inf                17.921304290453918
    lambda_max_argmax_index      [86, 99, 70]
  t=  0.0000  ||w||_inf=1.792130e+01  E=7.500000e-01  bkm=0.000000e+00
  t=  0.0200  ||w||_inf=1.793141e+01  E=7.499830e-01  bkm=3.586168e-01
  t=  0.0400  ||w||_inf=1.795909e+01  E=7.499661e-01  bkm=7.176686e-01
  t=  0.0600  ||w||_inf=1.799681e+01  E=7.499491e-01  bkm=1.077337e+00
  t=  0.0800  ||w||_inf=1.803460e+01  E=7.499321e-01  bkm=1.437691e+00
  t=  0.1000  ||w||_inf=1.807071e+01  E=7.499151e-01  bkm=1.798771e+00
  t=  0.1200  ||w||_inf=1.810219e+01  E=7.498980e-01  bkm=2.160592e+00
  t=  0.1400  ||w||_inf=1.812435e+01  E=7.498809e-01  bkm=2.523146e+00
  t=  0.1600  ||w||_inf=1.816574e+01  E=7.498637e-01  bkm=2.886377e+00
  t=  0.1800  ||w||_inf=1.820664e+01  E=7.498464e-01  bkm=3.250154e+00
  t=  0.2000  ||w||_inf=1.826044e+01  E=7.498291e-01  bkm=3.614582e+00
  t=  0.2200  ||w||_inf=1.846192e+01  E=7.498117e-01  bkm=3.981656e+00
  t=  0.2400  ||w||_inf=1.872396e+01  E=7.497942e-01  bkm=4.353300e+00
  t=  0.2600  ||w||_inf=1.911009e+01  E=7.497766e-01  bkm=4.731643e+00
  t=  0.2800  ||w||_inf=1.952178e+01  E=7.497589e-01  bkm=5.117916e+00
  t=  0.3000  ||w||_inf=1.993089e+01  E=7.497411e-01  bkm=5.512231e+00
  t=  0.3200  ||w||_inf=2.034239e+01  E=7.497231e-01  bkm=5.915089e+00
  t=  0.3400  ||w||_inf=2.077642e+01  E=7.497051e-01  bkm=6.326308e+00
  t=  0.3600  ||w||_inf=2.115288e+01  E=7.496869e-01  bkm=6.745705e+00
  t=  0.3800  ||w||_inf=2.157119e+01  E=7.496686e-01  bkm=7.172764e+00
  t=  0.4000  ||w||_inf=2.197175e+01  E=7.496501e-01  bkm=7.608283e+00
  t=  0.4200  ||w||_inf=2.235321e+01  E=7.496315e-01  bkm=8.051460e+00
  t=  0.4400  ||w||_inf=2.275786e+01  E=7.496127e-01  bkm=8.502648e+00
  t=  0.4600  ||w||_inf=2.311541e+01  E=7.495938e-01  bkm=8.961460e+00
  t=  0.4800  ||w||_inf=2.346919e+01  E=7.495747e-01  bkm=9.427364e+00
  CKPT step=249 t=0.5000 -> u0_trefoil_n128.ckpt.npz
  t=  0.5000  ||w||_inf=2.376789e+01  E=7.495554e-01  bkm=9.899838e+00
  t=  0.5200  ||w||_inf=2.405452e+01  E=7.495360e-01  bkm=1.037804e+01
  t=  0.5400  ||w||_inf=2.438115e+01  E=7.495164e-01  bkm=1.086231e+01
  t=  0.5600  ||w||_inf=2.466187e+01  E=7.494966e-01  bkm=1.135286e+01
  t=  0.5800  ||w||_inf=2.493679e+01  E=7.494766e-01  bkm=1.184854e+01
  t=  0.6000  ||w||_inf=2.523917e+01  E=7.494565e-01  bkm=1.235051e+01
  t=  0.6200  ||w||_inf=2.547567e+01  E=7.494361e-01  bkm=1.285752e+01
  t=  0.6400  ||w||_inf=2.567350e+01  E=7.494156e-01  bkm=1.336920e+01
  t=  0.6600  ||w||_inf=2.575079e+01  E=7.493948e-01  bkm=1.388365e+01
  t=  0.6800  ||w||_inf=2.588017e+01  E=7.493739e-01  bkm=1.439943e+01
  t=  0.7000  ||w||_inf=2.603385e+01  E=7.493527e-01  bkm=1.491843e+01
  t=  0.7200  ||w||_inf=2.620193e+01  E=7.493313e-01  bkm=1.544099e+01
  t=  0.7400  ||w||_inf=2.620247e+01  E=7.493097e-01  bkm=1.596538e+01
  t=  0.7600  ||w||_inf=2.616558e+01  E=7.492879e-01  bkm=1.648871e+01
  t=  0.7800  ||w||_inf=2.609532e+01  E=7.492658e-01  bkm=1.701158e+01
  t=  0.8000  ||w||_inf=2.594359e+01  E=7.492435e-01  bkm=1.753182e+01
  t=  0.8200  ||w||_inf=2.569610e+01  E=7.492209e-01  bkm=1.804849e+01
  t=  0.8400  ||w||_inf=2.558953e+01  E=7.491981e-01  bkm=1.856146e+01
  t=  0.8600  ||w||_inf=2.523034e+01  E=7.491750e-01  bkm=1.907011e+01
  t=  0.8800  ||w||_inf=2.486605e+01  E=7.491516e-01  bkm=1.957063e+01
  t=  0.9000  ||w||_inf=2.478865e+01  E=7.491280e-01  bkm=2.006709e+01
  t=  0.9200  ||w||_inf=2.520281e+01  E=7.491040e-01  bkm=2.056705e+01
  t=  0.9400  ||w||_inf=2.560849e+01  E=7.490798e-01  bkm=2.107482e+01
  t=  0.9600  ||w||_inf=2.624065e+01  E=7.490552e-01  bkm=2.159163e+01
  t=  0.9800  ||w||_inf=2.662398e+01  E=7.490303e-01  bkm=2.212299e+01
  CKPT step=499 t=1.0000 -> u0_trefoil_n128.ckpt.npz
  t=  1.0000  ||w||_inf=2.739969e+01  E=7.490051e-01  bkm=2.266214e+01
  t=  1.0200  ||w||_inf=2.794202e+01  E=7.489795e-01  bkm=2.321684e+01
  t=  1.0400  ||w||_inf=2.888300e+01  E=7.489535e-01  bkm=2.378705e+01
  t=  1.0600  ||w||_inf=2.982214e+01  E=7.489272e-01  bkm=2.437764e+01
  t=  1.0800  ||w||_inf=3.091902e+01  E=7.489005e-01  bkm=2.498243e+01
  t=  1.1000  ||w||_inf=3.177483e+01  E=7.488733e-01  bkm=2.560926e+01
  t=  1.1200  ||w||_inf=3.223205e+01  E=7.488458e-01  bkm=2.625148e+01
  t=  1.1400  ||w||_inf=3.302229e+01  E=7.488178e-01  bkm=2.690202e+01
  t=  1.1600  ||w||_inf=3.424548e+01  E=7.487894e-01  bkm=2.757449e+01
  t=  1.1800  ||w||_inf=3.518439e+01  E=7.487605e-01  bkm=2.826897e+01
  t=  1.2000  ||w||_inf=3.541344e+01  E=7.487311e-01  bkm=2.897458e+01
  t=  1.2200  ||w||_inf=3.602422e+01  E=7.487012e-01  bkm=2.968574e+01
  t=  1.2400  ||w||_inf=3.594359e+01  E=7.486708e-01  bkm=3.040589e+01
  t=  1.2600  ||w||_inf=3.609039e+01  E=7.486398e-01  bkm=3.111695e+01
  t=  1.2800  ||w||_inf=3.755256e+01  E=7.486084e-01  bkm=3.185763e+01
  t=  1.3000  ||w||_inf=3.710019e+01  E=7.485763e-01  bkm=3.260166e+01
  t=  1.3200  ||w||_inf=3.914096e+01  E=7.485437e-01  bkm=3.336855e+01
  t=  1.3400  ||w||_inf=3.852939e+01  E=7.485105e-01  bkm=3.414917e+01
  t=  1.3600  ||w||_inf=3.790148e+01  E=7.484766e-01  bkm=3.490551e+01
  t=  1.3800  ||w||_inf=3.789247e+01  E=7.484422e-01  bkm=3.566697e+01
  t=  1.4000  ||w||_inf=3.769294e+01  E=7.484071e-01  bkm=3.642227e+01
  t=  1.4200  ||w||_inf=3.750666e+01  E=7.483713e-01  bkm=3.717068e+01
  t=  1.4400  ||w||_inf=3.745711e+01  E=7.483349e-01  bkm=3.792258e+01
  t=  1.4600  ||w||_inf=3.664053e+01  E=7.482977e-01  bkm=3.866187e+01
  t=  1.4800  ||w||_inf=3.791956e+01  E=7.482599e-01  bkm=3.941106e+01
  CKPT step=749 t=1.5000 -> u0_trefoil_n128.ckpt.npz
  t=  1.5000  ||w||_inf=3.865881e+01  E=7.482213e-01  bkm=4.016946e+01
  t=  1.5200  ||w||_inf=3.960753e+01  E=7.481820e-01  bkm=4.096082e+01
  t=  1.5400  ||w||_inf=4.152001e+01  E=7.481419e-01  bkm=4.176310e+01
  t=  1.5600  ||w||_inf=4.257774e+01  E=7.481011e-01  bkm=4.260542e+01
  t=  1.5800  ||w||_inf=4.283937e+01  E=7.480594e-01  bkm=4.345620e+01
  t=  1.6000  ||w||_inf=4.517325e+01  E=7.480169e-01  bkm=4.434497e+01
  t=  1.6200  ||w||_inf=4.608102e+01  E=7.479736e-01  bkm=4.524640e+01
  t=  1.6400  ||w||_inf=4.620979e+01  E=7.479295e-01  bkm=4.617509e+01
  t=  1.6600  ||w||_inf=4.934417e+01  E=7.478844e-01  bkm=4.713164e+01
  t=  1.6800  ||w||_inf=5.080553e+01  E=7.478384e-01  bkm=4.812998e+01
  t=  1.7000  ||w||_inf=5.092411e+01  E=7.477915e-01  bkm=4.914380e+01
  t=  1.7200  ||w||_inf=5.163510e+01  E=7.477437e-01  bkm=5.017660e+01
  t=  1.7400  ||w||_inf=5.036064e+01  E=7.476948e-01  bkm=5.118972e+01
  t=  1.7600  ||w||_inf=5.154483e+01  E=7.476450e-01  bkm=5.221078e+01
  t=  1.7800  ||w||_inf=5.155613e+01  E=7.475940e-01  bkm=5.323469e+01
  t=  1.8000  ||w||_inf=5.303155e+01  E=7.475420e-01  bkm=5.428283e+01
  t=  1.8200  ||w||_inf=5.385693e+01  E=7.474888e-01  bkm=5.534070e+01
  t=  1.8400  ||w||_inf=5.646005e+01  E=7.474344e-01  bkm=5.644551e+01
  t=  1.8600  ||w||_inf=5.787129e+01  E=7.473788e-01  bkm=5.759118e+01
  t=  1.8800  ||w||_inf=5.758735e+01  E=7.473219e-01  bkm=5.874898e+01
  t=  1.9000  ||w||_inf=5.642312e+01  E=7.472637e-01  bkm=5.988277e+01
  t=  1.9200  ||w||_inf=6.062301e+01  E=7.472041e-01  bkm=6.105264e+01
  t=  1.9400  ||w||_inf=6.502336e+01  E=7.471431e-01  bkm=6.230962e+01
  t=  1.9600  ||w||_inf=6.793442e+01  E=7.470806e-01  bkm=6.364371e+01
  t=  1.9800  ||w||_inf=7.079705e+01  E=7.470166e-01  bkm=6.502167e+01
  CKPT step=999 t=2.0000 -> u0_trefoil_n128.ckpt.npz
  t=  2.0000  ||w||_inf=7.222151e+01  E=7.469510e-01  bkm=6.646033e+01
  t=  2.0200  ||w||_inf=7.004125e+01  E=7.468837e-01  bkm=6.788072e+01
  t=  2.0400  ||w||_inf=7.165216e+01  E=7.468147e-01  bkm=6.929313e+01
  t=  2.0600  ||w||_inf=7.039413e+01  E=7.467440e-01  bkm=7.072035e+01
  t=  2.0800  ||w||_inf=6.948173e+01  E=7.466713e-01  bkm=7.209828e+01
  t=  2.1000  ||w||_inf=7.162313e+01  E=7.465967e-01  bkm=7.352054e+01
  t=  2.1200  ||w||_inf=7.066454e+01  E=7.465200e-01  bkm=7.493381e+01
  t=  2.1400  ||w||_inf=7.194895e+01  E=7.464410e-01  bkm=7.634555e+01
  t=  2.1600  ||w||_inf=7.471074e+01  E=7.463598e-01  bkm=7.781513e+01
  t=  2.1800  ||w||_inf=8.032469e+01  E=7.462760e-01  bkm=7.938519e+01
  t=  2.2000  ||w||_inf=8.477019e+01  E=7.461896e-01  bkm=8.104125e+01
  t=  2.2200  ||w||_inf=9.295782e+01  E=7.461003e-01  bkm=8.281383e+01
  t=  2.2400  ||w||_inf=9.281006e+01  E=7.460080e-01  bkm=8.469214e+01
  t=  2.2600  ||w||_inf=1.031592e+02  E=7.459125e-01  bkm=8.665283e+01
  t=  2.2800  ||w||_inf=1.013185e+02  E=7.458135e-01  bkm=8.868652e+01
  TRIGGER -> snapshot C:\Users\usER\oracle-toe\GUINAND_WEIL\HR\navier-stokes-formalization\u0_trefoil_triggered_t2.296_n128.npy
  integration: status=TRIGGERED at t=2.2960: ||w||_inf=1.101259e+02 > 1.099234e+02 (1.5x Kida peak) wall=11965.1s
  BKM integral over [0, 6.0000]: 9.035001e+01 (trigger at 1.099234e+02)
  (finite BKM over this window = no blowup observed in this window; does NOT exclude blowup later)
  wrote phase1_trefoil_n128.json
